C:\Users\GabrielRocha-MailouC\OneDrive - PRIME TECNOLOGIA E GESTÃO EM NUVEM\Documentos\Particular\TAPR\1116AN-main\authservice\src\main\java\com\example\authservice\support\Digests.java
C:\Users\GabrielRocha-MailouC\OneDrive - PRIME TECNOLOGIA E GESTÃO EM NUVEM\Documentos\Particular\TAPR\1116AN-main\authservice\src\main\java\com\example\authservice\application\ports\MailSender.java
C:\Users\GabrielRocha-MailouC\OneDrive - PRIME TECNOLOGIA E GESTÃO EM NUVEM\Documentos\Particular\TAPR\1116AN-main\authservice\src\main\java\com\example\authservice\domain\auth\MagicLinkRepository.java
C:\Users\GabrielRocha-MailouC\OneDrive - PRIME TECNOLOGIA E GESTÃO EM NUVEM\Documentos\Particular\TAPR\1116AN-main\authservice\src\main\java\com\example\authservice\domain\user\UserRepository.java
C:\Users\GabrielRocha-MailouC\OneDrive - PRIME TECNOLOGIA E GESTÃO EM NUVEM\Documentos\Particular\TAPR\1116AN-main\authservice\src\main\java\com\example\authservice\infrastructure\persistence\JpaUserRepository.java
C:\Users\GabrielRocha-MailouC\OneDrive - PRIME TECNOLOGIA E GESTÃO EM NUVEM\Documentos\Particular\TAPR\1116AN-main\authservice\src\main\java\com\example\authservice\application\user\GetUserByIdHandler.java
C:\Users\GabrielRocha-MailouC\OneDrive - PRIME TECNOLOGIA E GESTÃO EM NUVEM\Documentos\Particular\TAPR\1116AN-main\authservice\src\main\java\com\example\authservice\domain\user\vo\RoleType.java
C:\Users\GabrielRocha-MailouC\OneDrive - PRIME TECNOLOGIA E GESTÃO EM NUVEM\Documentos\Particular\TAPR\1116AN-main\authservice\src\main\java\com\example\authservice\infrastructure\config\JwtProperties.java
C:\Users\GabrielRocha-MailouC\OneDrive - PRIME TECNOLOGIA E GESTÃO EM NUVEM\Documentos\Particular\TAPR\1116AN-main\authservice\src\main\java\com\example\authservice\application\ports\PasswordHasher.java
C:\Users\GabrielRocha-MailouC\OneDrive - PRIME TECNOLOGIA E GESTÃO EM NUVEM\Documentos\Particular\TAPR\1116AN-main\authservice\src\main\java\com\example\authservice\infrastructure\persistence\SpringDataUserJpa.java
C:\Users\GabrielRocha-MailouC\OneDrive - PRIME TECNOLOGIA E GESTÃO EM NUVEM\Documentos\Particular\TAPR\1116AN-main\authservice\src\main\java\com\example\authservice\domain\user\vo\Role.java
C:\Users\GabrielRocha-MailouC\OneDrive - PRIME TECNOLOGIA E GESTÃO EM NUVEM\Documentos\Particular\TAPR\1116AN-main\authservice\src\main\java\com\example\authservice\infrastructure\mail\LogMailSender.java
C:\Users\GabrielRocha-MailouC\OneDrive - PRIME TECNOLOGIA E GESTÃO EM NUVEM\Documentos\Particular\TAPR\1116AN-main\authservice\src\main\java\com\example\authservice\support\RandomTokenGenerator.java
C:\Users\GabrielRocha-MailouC\OneDrive - PRIME TECNOLOGIA E GESTÃO EM NUVEM\Documentos\Particular\TAPR\1116AN-main\authservice\src\main\java\com\example\authservice\domain\user\vo\Email.java
C:\Users\GabrielRocha-MailouC\OneDrive - PRIME TECNOLOGIA E GESTÃO EM NUVEM\Documentos\Particular\TAPR\1116AN-main\authservice\src\main\java\com\example\authservice\infrastructure\persistence\SpringDataMagicLinkJpa.java
C:\Users\GabrielRocha-MailouC\OneDrive - PRIME TECNOLOGIA E GESTÃO EM NUVEM\Documentos\Particular\TAPR\1116AN-main\authservice\src\main\java\com\example\authservice\application\user\RegisterUserHandler.java
C:\Users\GabrielRocha-MailouC\OneDrive - PRIME TECNOLOGIA E GESTÃO EM NUVEM\Documentos\Particular\TAPR\1116AN-main\authservice\src\main\java\com\example\authservice\infrastructure\persistence\JpaMagicLinkRepository.java
C:\Users\GabrielRocha-MailouC\OneDrive - PRIME TECNOLOGIA E GESTÃO EM NUVEM\Documentos\Particular\TAPR\1116AN-main\authservice\src\main\java\com\example\authservice\interfaces\rest\dto\UserResponse.java
C:\Users\GabrielRocha-MailouC\OneDrive - PRIME TECNOLOGIA E GESTÃO EM NUVEM\Documentos\Particular\TAPR\1116AN-main\authservice\src\main\java\com\example\authservice\interfaces\rest\HelloController.java
C:\Users\GabrielRocha-MailouC\OneDrive - PRIME TECNOLOGIA E GESTÃO EM NUVEM\Documentos\Particular\TAPR\1116AN-main\authservice\src\main\java\com\example\authservice\application\auth\RequestMagicLinkHandler.java
C:\Users\GabrielRocha-MailouC\OneDrive - PRIME TECNOLOGIA E GESTÃO EM NUVEM\Documentos\Particular\TAPR\1116AN-main\authservice\src\main\java\com\example\authservice\infrastructure\security\BcryptPasswordHasher.java
C:\Users\GabrielRocha-MailouC\OneDrive - PRIME TECNOLOGIA E GESTÃO EM NUVEM\Documentos\Particular\TAPR\1116AN-main\authservice\src\main\java\com\example\authservice\interfaces\rest\AuthController.java
C:\Users\GabrielRocha-MailouC\OneDrive - PRIME TECNOLOGIA E GESTÃO EM NUVEM\Documentos\Particular\TAPR\1116AN-main\authservice\src\main\java\com\example\authservice\domain\auth\vo\HashedToken.java
C:\Users\GabrielRocha-MailouC\OneDrive - PRIME TECNOLOGIA E GESTÃO EM NUVEM\Documentos\Particular\TAPR\1116AN-main\authservice\src\main\java\com\example\authservice\infrastructure\config\AppProperties.java
C:\Users\GabrielRocha-MailouC\OneDrive - PRIME TECNOLOGIA E GESTÃO EM NUVEM\Documentos\Particular\TAPR\1116AN-main\authservice\src\main\java\com\example\authservice\infrastructure\security\SecurityConfig.java
C:\Users\GabrielRocha-MailouC\OneDrive - PRIME TECNOLOGIA E GESTÃO EM NUVEM\Documentos\Particular\TAPR\1116AN-main\authservice\src\main\java\com\example\authservice\application\auth\VerifyMagicLinkHandler.java
C:\Users\GabrielRocha-MailouC\OneDrive - PRIME TECNOLOGIA E GESTÃO EM NUVEM\Documentos\Particular\TAPR\1116AN-main\authservice\src\main\java\com\example\authservice\application\user\ListUserHandler.java
C:\Users\GabrielRocha-MailouC\OneDrive - PRIME TECNOLOGIA E GESTÃO EM NUVEM\Documentos\Particular\TAPR\1116AN-main\authservice\src\main\java\com\example\authservice\domain\auth\MagicLink.java
C:\Users\GabrielRocha-MailouC\OneDrive - PRIME TECNOLOGIA E GESTÃO EM NUVEM\Documentos\Particular\TAPR\1116AN-main\authservice\src\main\java\com\example\authservice\infrastructure\security\JwtTokenService.java
C:\Users\GabrielRocha-MailouC\OneDrive - PRIME TECNOLOGIA E GESTÃO EM NUVEM\Documentos\Particular\TAPR\1116AN-main\authservice\src\main\java\com\example\authservice\domain\user\User.java
C:\Users\GabrielRocha-MailouC\OneDrive - PRIME TECNOLOGIA E GESTÃO EM NUVEM\Documentos\Particular\TAPR\1116AN-main\authservice\src\main\java\com\example\authservice\interfaces\rest\dto\auth\MagicLinkRequest.java
C:\Users\GabrielRocha-MailouC\OneDrive - PRIME TECNOLOGIA E GESTÃO EM NUVEM\Documentos\Particular\TAPR\1116AN-main\authservice\src\main\java\com\example\authservice\application\auth\PasswordLoginHandler.java
C:\Users\GabrielRocha-MailouC\OneDrive - PRIME TECNOLOGIA E GESTÃO EM NUVEM\Documentos\Particular\TAPR\1116AN-main\authservice\src\main\java\com\example\authservice\domain\auth\vo\ExpiresAt.java
C:\Users\GabrielRocha-MailouC\OneDrive - PRIME TECNOLOGIA E GESTÃO EM NUVEM\Documentos\Particular\TAPR\1116AN-main\authservice\src\main\java\com\example\authservice\interfaces\rest\dto\auth\PasswordLoginRequest.java
C:\Users\GabrielRocha-MailouC\OneDrive - PRIME TECNOLOGIA E GESTÃO EM NUVEM\Documentos\Particular\TAPR\1116AN-main\authservice\src\main\java\com\example\authservice\application\ports\TokenService.java
C:\Users\GabrielRocha-MailouC\OneDrive - PRIME TECNOLOGIA E GESTÃO EM NUVEM\Documentos\Particular\TAPR\1116AN-main\authservice\src\main\java\com\example\authservice\AuthserviceApplication.java
C:\Users\GabrielRocha-MailouC\OneDrive - PRIME TECNOLOGIA E GESTÃO EM NUVEM\Documentos\Particular\TAPR\1116AN-main\authservice\src\main\java\com\example\authservice\interfaces\rest\dto\RegisterUserRequest.java
C:\Users\GabrielRocha-MailouC\OneDrive - PRIME TECNOLOGIA E GESTÃO EM NUVEM\Documentos\Particular\TAPR\1116AN-main\authservice\src\main\java\com\example\authservice\interfaces\rest\dto\auth\TokenResponse.java
C:\Users\GabrielRocha-MailouC\OneDrive - PRIME TECNOLOGIA E GESTÃO EM NUVEM\Documentos\Particular\TAPR\1116AN-main\authservice\src\main\java\com\example\authservice\interfaces\rest\UserController.java
C:\Users\GabrielRocha-MailouC\OneDrive - PRIME TECNOLOGIA E GESTÃO EM NUVEM\Documentos\Particular\TAPR\1116AN-main\authservice\src\main\java\com\example\authservice\infrastructure\mail\SmtpMailSender.java
